<!DOCTYPE html>
<html lang="en">
<head>
    <meta http-equiv="refresh" content="0;URL=../../../../openzl/util/serde/de/trait.Expected.html">
    <title>Redirection</title>
</head>
<body>
    <p>Redirecting to <a href="../../../../openzl/util/serde/de/trait.Expected.html">../../../../openzl/util/serde/de/trait.Expected.html</a>...</p>
    <script>location.replace("../../../../openzl/util/serde/de/trait.Expected.html" + location.search + location.hash);</script>
</body>
</html>